Archive member included because of file (symbol)

c:/software/electronica/arm/eclipsearm/sourcery-g++-lite-arm-2011.03/bin/../lib/gcc/arm-none-eabi/4.5.2\libgcc.a(_divsi3.o)
                              ./utils.o (__aeabi_idiv)
c:/software/electronica/arm/eclipsearm/sourcery-g++-lite-arm-2011.03/bin/../lib/gcc/arm-none-eabi/4.5.2\libgcc.a(_dvmd_tls.o)
                              c:/software/electronica/arm/eclipsearm/sourcery-g++-lite-arm-2011.03/bin/../lib/gcc/arm-none-eabi/4.5.2\libgcc.a(_divsi3.o) (__aeabi_idiv0)

Memory Configuration

Name             Origin             Length             Attributes
*default*        0x00000000         0xffffffff

Linker script and memory map

LOAD ./D8Led.o
LOAD ./button.o
LOAD ./gpio.o
LOAD ./init.o
LOAD ./intcontroller.o
LOAD ./keyboard.o
LOAD ./leds.o
LOAD ./main.o
LOAD ./timer.o
LOAD ./utils.o
START GROUP
LOAD c:/software/electronica/arm/eclipsearm/sourcery-g++-lite-arm-2011.03/bin/../lib/gcc/arm-none-eabi/4.5.2\libgcc.a
LOAD c:/software/electronica/arm/eclipsearm/sourcery-g++-lite-arm-2011.03/bin/../lib/gcc/arm-none-eabi/4.5.2/../../../../arm-none-eabi/lib\libc.a
END GROUP
                0x0c100000                . = 0xc100000

.data           0x0c100000       0xc8
 *(.data*)
 .data          0x0c100000       0x60 ./D8Led.o
 .data          0x0c100060        0x0 ./button.o
 .data          0x0c100060        0x0 ./gpio.o
 .data          0x0c100060        0x0 ./init.o
 .data          0x0c100060        0x0 ./intcontroller.o
 .data          0x0c100060        0x4 ./keyboard.o
 .data          0x0c100064        0x0 ./leds.o
 .data          0x0c100064       0x10 ./main.o
 .data          0x0c100074        0x0 ./timer.o
 .data          0x0c100074        0x4 ./utils.o
 .data          0x0c100078        0x0 c:/software/electronica/arm/eclipsearm/sourcery-g++-lite-arm-2011.03/bin/../lib/gcc/arm-none-eabi/4.5.2\libgcc.a(_divsi3.o)
 .data          0x0c100078        0x0 c:/software/electronica/arm/eclipsearm/sourcery-g++-lite-arm-2011.03/bin/../lib/gcc/arm-none-eabi/4.5.2\libgcc.a(_dvmd_tls.o)
 *(.rodata*)
 .rodata        0x0c100078       0x50 ./keyboard.o
                0x0c1000c8                Image_ZI_Base = .

.bss            0x0c1000c8        0x4
 *(.bss*)
 .bss           0x0c1000c8        0x0 ./D8Led.o
 .bss           0x0c1000c8        0x0 ./button.o
 .bss           0x0c1000c8        0x0 ./gpio.o
 .bss           0x0c1000c8        0x0 ./init.o
 .bss           0x0c1000c8        0x0 ./intcontroller.o
 .bss           0x0c1000c8        0x0 ./keyboard.o
 .bss           0x0c1000c8        0x4 ./leds.o
 .bss           0x0c1000cc        0x0 ./main.o
 .bss           0x0c1000cc        0x0 ./timer.o
 .bss           0x0c1000cc        0x0 ./utils.o
 .bss           0x0c1000cc        0x0 c:/software/electronica/arm/eclipsearm/sourcery-g++-lite-arm-2011.03/bin/../lib/gcc/arm-none-eabi/4.5.2\libgcc.a(_divsi3.o)
 .bss           0x0c1000cc        0x0 c:/software/electronica/arm/eclipsearm/sourcery-g++-lite-arm-2011.03/bin/../lib/gcc/arm-none-eabi/4.5.2\libgcc.a(_dvmd_tls.o)
 *(COMMON)
                0x0c1000cc                Image_ZI_Limit = .

.text           0x0c1000cc     0x2188
 *(.text*)
 .text          0x0c1000cc      0x174 ./D8Led.o
                0x0c1000cc                D8Led_init
                0x0c1000f0                D8Led_segment
                0x0c10014c                D8Led_digit
                0x0c1001a8                D8Led_2segments
 .text          0x0c100240       0x7c ./button.o
                0x0c100240                read_button
 .text          0x0c1002bc      0x748 ./gpio.o
                0x0c1002bc                portB_conf
                0x0c100384                portB_write
                0x0c100440                portG_conf
                0x0c1005a4                portG_eint_trig
                0x0c100778                portG_write
                0x0c100878                portG_read
                0x0c10093c                portG_conf_pup
 .text          0x0c100a04       0xd0 ./init.o
                0x0c100a04                start
 .text          0x0c100ad4      0x3ec ./intcontroller.o
                0x0c100ad4                ic_init
                0x0c100b18                ic_conf_irq
                0x0c100bd4                ic_conf_fiq
                0x0c100c58                ic_conf_line
                0x0c100d28                ic_enable
                0x0c100da4                ic_disable
                0x0c100e08                ic_cleanflag
 .text          0x0c100ec0      0x1b0 ./keyboard.o
                0x0c100ec0                kb_scan
 .text          0x0c101070      0x298 ./leds.o
                0x0c101070                leds_init
                0x0c1010b4                led1_on
                0x0c1010f4                led1_off
                0x0c101134                led2_on
                0x0c101174                led2_off
                0x0c1011b4                led1_switch
                0x0c1011f4                led2_switch
                0x0c101234                leds_switch
                0x0c101274                leds_display
 .text          0x0c101308      0x6a0 ./main.o
                0x0c101308                timer_ISR
                0x0c10138c                button_ISR
                0x0c10150c                keyboard_ISR
                0x0c10179c                setup
                0x0c101994                main
 .text          0x0c1019a8      0x628 ./timer.o
                0x0c1019a8                tmr_set_prescaler
                0x0c101a54                tmr_set_divider
                0x0c101b68                tmr_set_count
                0x0c101c9c                tmr_update
                0x0c101d48                tmr_set_mode
                0x0c101e2c                tmr_start
                0x0c101eb4                tmr_stop
                0x0c101f40                tmr_isrunning
 .text          0x0c101fd0      0x138 ./utils.o
                0x0c101fd0                Delay
 .text          0x0c102108      0x148 c:/software/electronica/arm/eclipsearm/sourcery-g++-lite-arm-2011.03/bin/../lib/gcc/arm-none-eabi/4.5.2\libgcc.a(_divsi3.o)
                0x0c102108                __divsi3
                0x0c102108                __aeabi_idiv
                0x0c102230                __aeabi_idivmod
 .text          0x0c102250        0x4 c:/software/electronica/arm/eclipsearm/sourcery-g++-lite-arm-2011.03/bin/../lib/gcc/arm-none-eabi/4.5.2\libgcc.a(_dvmd_tls.o)
                0x0c102250                __aeabi_idiv0
                0x0c102250                __aeabi_ldiv0
                0x0c102254                PROVIDE (end, .)
START GROUP
LOAD c:/software/electronica/arm/eclipsearm/sourcery-g++-lite-arm-2011.03/bin/../lib/gcc/arm-none-eabi/4.5.2\libgcc.a
LOAD c:/software/electronica/arm/eclipsearm/sourcery-g++-lite-arm-2011.03/bin/../lib/gcc/arm-none-eabi/4.5.2/../../../../arm-none-eabi/lib\libg.a
LOAD c:/software/electronica/arm/eclipsearm/sourcery-g++-lite-arm-2011.03/bin/../lib/gcc/arm-none-eabi/4.5.2/../../../../arm-none-eabi/lib\libc.a
LOAD c:/software/electronica/arm/eclipsearm/sourcery-g++-lite-arm-2011.03/bin/../lib/gcc/arm-none-eabi/4.5.2/../../../../arm-none-eabi/lib\libm.a
LOAD c:/software/electronica/arm/eclipsearm/sourcery-g++-lite-arm-2011.03/bin/../lib/gcc/arm-none-eabi/4.5.2/../../../../arm-none-eabi/lib\libnosys.a
END GROUP
OUTPUT(P3_MODIFY.elf elf32-littlearm)

.glue_7         0x0c102254        0x0
 .glue_7        0x00000000        0x0 linker stubs

.glue_7t        0x0c102254        0x0
 .glue_7t       0x00000000        0x0 linker stubs

.vfp11_veneer   0x0c102254        0x0
 .vfp11_veneer  0x00000000        0x0 linker stubs

.v4_bx          0x0c102254        0x0
 .v4_bx         0x00000000        0x0 linker stubs

.debug_abbrev   0x00000000      0x5ce
 .debug_abbrev  0x00000000       0x88 ./D8Led.o
 .debug_abbrev  0x00000088       0x79 ./button.o
 .debug_abbrev  0x00000101       0xb7 ./gpio.o
 .debug_abbrev  0x000001b8       0x14 ./init.o
 .debug_abbrev  0x000001cc       0xdd ./intcontroller.o
 .debug_abbrev  0x000002a9       0x85 ./keyboard.o
 .debug_abbrev  0x0000032e       0x8c ./leds.o
 .debug_abbrev  0x000003ba      0x10a ./main.o
 .debug_abbrev  0x000004c4       0xa5 ./timer.o
 .debug_abbrev  0x00000569       0x65 ./utils.o

.debug_info     0x00000000     0x1023
 .debug_info    0x00000000      0x115 ./D8Led.o
 .debug_info    0x00000115       0x84 ./button.o
 .debug_info    0x00000199      0x291 ./gpio.o
 .debug_info    0x0000042a       0x5e ./init.o
 .debug_info    0x00000488      0x29e ./intcontroller.o
 .debug_info    0x00000726       0xeb ./keyboard.o
 .debug_info    0x00000811      0x150 ./leds.o
 .debug_info    0x00000961      0x360 ./main.o
 .debug_info    0x00000cc1      0x2de ./timer.o
 .debug_info    0x00000f9f       0x84 ./utils.o

.debug_line     0x00000000      0x9a0
 .debug_line    0x00000000       0x80 ./D8Led.o
 .debug_line    0x00000080       0x85 ./button.o
 .debug_line    0x00000105       0xf7 ./gpio.o
 .debug_line    0x000001fc       0x63 ./init.o
 .debug_line    0x0000025f       0xae ./intcontroller.o
 .debug_line    0x0000030d       0x80 ./keyboard.o
 .debug_line    0x0000038d       0x88 ./leds.o
 .debug_line    0x00000415      0x442 ./main.o
 .debug_line    0x00000857       0xde ./timer.o
 .debug_line    0x00000935       0x6b ./utils.o

.debug_macinfo  0x00000000    0x2daa2
 .debug_macinfo
                0x00000000     0x50a4 ./D8Led.o
 .debug_macinfo
                0x000050a4     0x4c12 ./button.o
 .debug_macinfo
                0x00009cb6     0x4bcb ./gpio.o
 .debug_macinfo
                0x0000e881     0x4bed ./intcontroller.o
 .debug_macinfo
                0x0001346e     0x4be5 ./keyboard.o
 .debug_macinfo
                0x00018053     0x4c0e ./leds.o
 .debug_macinfo
                0x0001cc61     0x76a9 ./main.o
 .debug_macinfo
                0x0002430a     0x4bcc ./timer.o
 .debug_macinfo
                0x00028ed6     0x4bcc ./utils.o

.debug_loc      0x00000000      0x764
 .debug_loc     0x00000000       0xb0 ./D8Led.o
 .debug_loc     0x000000b0       0x2c ./button.o
 .debug_loc     0x000000dc      0x134 ./gpio.o
 .debug_loc     0x00000210      0x134 ./intcontroller.o
 .debug_loc     0x00000344       0x2c ./keyboard.o
 .debug_loc     0x00000370      0x18c ./leds.o
 .debug_loc     0x000004fc       0xdc ./main.o
 .debug_loc     0x000005d8      0x160 ./timer.o
 .debug_loc     0x00000738       0x2c ./utils.o

.debug_pubnames
                0x00000000      0x337
 .debug_pubnames
                0x00000000       0x57 ./D8Led.o
 .debug_pubnames
                0x00000057       0x22 ./button.o
 .debug_pubnames
                0x00000079       0x86 ./gpio.o
 .debug_pubnames
                0x000000ff       0x7d ./intcontroller.o
 .debug_pubnames
                0x0000017c       0x1e ./keyboard.o
 .debug_pubnames
                0x0000019a       0x93 ./leds.o
 .debug_pubnames
                0x0000022d       0x53 ./main.o
 .debug_pubnames
                0x00000280       0x9b ./timer.o
 .debug_pubnames
                0x0000031b       0x1c ./utils.o

.debug_pubtypes
                0x00000000      0x1ce
 .debug_pubtypes
                0x00000000       0x12 ./D8Led.o
 .debug_pubtypes
                0x00000012       0x1e ./button.o
 .debug_pubtypes
                0x00000030       0x43 ./gpio.o
 .debug_pubtypes
                0x00000073       0x43 ./intcontroller.o
 .debug_pubtypes
                0x000000b6       0x12 ./keyboard.o
 .debug_pubtypes
                0x000000c8       0x2c ./leds.o
 .debug_pubtypes
                0x000000f4       0x8f ./main.o
 .debug_pubtypes
                0x00000183       0x39 ./timer.o
 .debug_pubtypes
                0x000001bc       0x12 ./utils.o

.debug_aranges  0x00000000      0x140
 .debug_aranges
                0x00000000       0x20 ./D8Led.o
 .debug_aranges
                0x00000020       0x20 ./button.o
 .debug_aranges
                0x00000040       0x20 ./gpio.o
 .debug_aranges
                0x00000060       0x20 ./init.o
 .debug_aranges
                0x00000080       0x20 ./intcontroller.o
 .debug_aranges
                0x000000a0       0x20 ./keyboard.o
 .debug_aranges
                0x000000c0       0x20 ./leds.o
 .debug_aranges
                0x000000e0       0x20 ./main.o
 .debug_aranges
                0x00000100       0x20 ./timer.o
 .debug_aranges
                0x00000120       0x20 ./utils.o

.debug_str      0x00000000      0x55c
 .debug_str     0x00000000       0x9b ./D8Led.o
                                 0xa8 (size before relaxing)
 .debug_str     0x0000009b       0x28 ./button.o
                                 0x71 (size before relaxing)
 .debug_str     0x000000c3       0xbb ./gpio.o
                                0x110 (size before relaxing)
 .debug_str     0x0000017e      0x190 ./intcontroller.o
                                0x1f9 (size before relaxing)
 .debug_str     0x0000030e       0x3d ./keyboard.o
                                 0x8c (size before relaxing)
 .debug_str     0x0000034b       0x73 ./leds.o
                                 0xee (size before relaxing)
 .debug_str     0x000003be       0xf7 ./main.o
                                0x350 (size before relaxing)
 .debug_str     0x000004b5       0x7b ./timer.o
                                0x13f (size before relaxing)
 .debug_str     0x00000530       0x2c ./utils.o
                                 0x63 (size before relaxing)

.comment        0x00000000       0x2a
 .comment       0x00000000       0x2a ./D8Led.o
                                 0x2b (size before relaxing)
 .comment       0x00000000       0x2b ./button.o
 .comment       0x00000000       0x2b ./gpio.o
 .comment       0x00000000       0x2b ./intcontroller.o
 .comment       0x00000000       0x2b ./keyboard.o
 .comment       0x00000000       0x2b ./leds.o
 .comment       0x00000000       0x2b ./main.o
 .comment       0x00000000       0x2b ./timer.o
 .comment       0x00000000       0x2b ./utils.o

.ARM.attributes
                0x00000000       0x30
 .ARM.attributes
                0x00000000       0x32 ./D8Led.o
 .ARM.attributes
                0x00000032       0x32 ./button.o
 .ARM.attributes
                0x00000064       0x32 ./gpio.o
 .ARM.attributes
                0x00000096       0x22 ./init.o
 .ARM.attributes
                0x000000b8       0x32 ./intcontroller.o
 .ARM.attributes
                0x000000ea       0x32 ./keyboard.o
 .ARM.attributes
                0x0000011c       0x32 ./leds.o
 .ARM.attributes
                0x0000014e       0x32 ./main.o
 .ARM.attributes
                0x00000180       0x32 ./timer.o
 .ARM.attributes
                0x000001b2       0x32 ./utils.o
 .ARM.attributes
                0x000001e4       0x1a c:/software/electronica/arm/eclipsearm/sourcery-g++-lite-arm-2011.03/bin/../lib/gcc/arm-none-eabi/4.5.2\libgcc.a(_divsi3.o)
 .ARM.attributes
                0x000001fe       0x18 c:/software/electronica/arm/eclipsearm/sourcery-g++-lite-arm-2011.03/bin/../lib/gcc/arm-none-eabi/4.5.2\libgcc.a(_dvmd_tls.o)

.debug_frame    0x00000000      0x638
 .debug_frame   0x00000000       0x90 ./D8Led.o
 .debug_frame   0x00000090       0x30 ./button.o
 .debug_frame   0x000000c0       0xf0 ./gpio.o
 .debug_frame   0x000001b0       0xf0 ./intcontroller.o
 .debug_frame   0x000002a0       0x34 ./keyboard.o
 .debug_frame   0x000002d4      0x130 ./leds.o
 .debug_frame   0x00000404       0xd4 ./main.o
 .debug_frame   0x000004d8      0x110 ./timer.o
 .debug_frame   0x000005e8       0x30 ./utils.o
 .debug_frame   0x00000618       0x20 c:/software/electronica/arm/eclipsearm/sourcery-g++-lite-arm-2011.03/bin/../lib/gcc/arm-none-eabi/4.5.2\libgcc.a(_divsi3.o)
